Q:

Error using rosmsg in "Creating msg and srv" Tutorial

Hi,
I'm trying to follow the beginner tutorials, using ROS Indigo on ubuntu 14.04 LTS in VirtualBox.  I'm currently on the tutorial for Creating a ROS msg and srv, http://wiki.ros.org/ROS/Tutorials/CreatingMsgAndSrv.
I've gone through the first part of the tutorial, made the edits described (checked thrice).  Then I get to section 2.2, Using rosmsg, where I test it by entering:
$ rosmsg show beginner_tutorials/Num

And instead of getting
int64 num

...as expected, I get
Unable to load msg [beginner_tutorials/Num]: Cannot locate message [Num]: unknown package [beginner_tutorials] on search path [{'rosconsole': ['/opt/ros/indigo/share/rosconsole/msg'], 'catkin': ['/opt/ros/indigo/share/catkin/msg'], 'qt_dotgraph': ['/opt/ros/indigo/share/qt_dotgraph/msg'], 'image_view': ['/opt/ros/indigo/share/image_view/msg'], 'urdf': ['/opt/ros/indigo/share/urdf/msg'], 'rosgraph': ['/opt/ros/indigo/share/rosgraph/msg'], 'resource_retriever': ['/opt/ros/indigo/share/resource_retriever/msg'], 'nodelet_topic_tools': ['/opt/ros/indigo/share/nodelet_topic_tools/msg'], 'rqt_graph': ['/opt/ros/indigo/share/rqt_graph/msg'], 'nodelet_tutorial_math': ['/opt/ros/indigo/share/nodelet_tutorial_math/msg'], 'qt_gui': ['/opt/ros/indigo/share/qt_gui/msg'], 'filters': ['/opt/ros/indigo/share/filters/msg'], 'smclib': ['/opt/ros/indigo/share/smclib/msg'], 'roslib': ['/opt/ros/indigo/share/roslib/msg'], 'roscpp_serialization': ['/opt/ros/indigo/share/roscpp_serialization/msg'], 'rqt_rviz': ['/opt/ros/indigo/share/rqt_rviz/msg'], 'rosbuild': ['/opt/ros/indigo/share/rosbuild/msg'], 'rosclean': ['/opt/ros/indigo/share/rosclean/msg'], 'tf': ['/opt/ros/indigo/share/tf/msg'], 'rqt_publisher': ['/opt/ros/indigo/share/rqt_publisher/msg'], 'roswtf': ['/opt/ros/indigo/share/roswtf/msg'], 'geometric_shapes': ['/opt/ros/indigo/share/geometric_shapes/msg'], 'smach_ros': ['/opt/ros/indigo/share/smach_ros/msg'], 'rqt_web': ['/opt/ros/indigo/share/rqt_web/msg'], 'shape_msgs': ['/opt/ros/indigo/share/shape_msgs/msg'], 'interactive_markers': ['/opt/ros/indigo/share/interactive_markers/msg'], 'diagnostic_aggregator': ['/opt/ros/indigo/share/diagnostic_aggregator/msg'], 'robot_state_publisher': ['/opt/ros/indigo/share/robot_state_publisher/msg'], 'visualization_msgs': ['/opt/ros/indigo/share/visualization_msgs/msg'], 'rqt_py_console': ['/opt/ros/indigo/share/rqt_py_console/msg'], 'rqt_topic': ['/opt/ros/indigo/share/rqt_topic/msg'], 'smach': ['/opt/ros/indigo/share/smach/msg'], 'rqt_action': ['/opt/ros/indigo/share/rqt_action/msg'], 'rqt_top': ['/opt/ros/indigo/share/rqt_top/msg'], 'diagnostic_msgs': ['/opt/ros/indigo/share/diagnostic_msgs/msg'], 'rosgraph_msgs': ['/opt/ros/indigo/share/rosgraph_msgs/msg'], 'rosboost_cfg': ['/opt/ros/indigo/share/rosboost_cfg/msg'], 'genmsg': ['/opt/ros/indigo/share/genmsg/msg'], 'xacro': ['/opt/ros/indigo/share/xacro/msg'], 'rqt_robot_dashboard': ['/opt/ros/indigo/share/rqt_robot_dashboard/msg'], 'rqt_service_caller': ['/opt/ros/indigo/share/rqt_service_caller/msg'], 'rqt_msg': ['/opt/ros/indigo/share/rqt_msg/msg'], 'pluginlib': ['/opt/ros/indigo/share/pluginlib/msg'], 'xmlrpcpp': ['/opt/ros/indigo/share/xmlrpcpp/msg'], 'rosmaster': ['/opt/ros/indigo/share/rosmaster/msg'], 'rosnode': ['/opt/ros/indigo/share/rosnode/msg'], 'rqt_pose_view': ['/opt/ros/indigo/share/rqt_pose_view/msg'], 'bond': ['/opt/ros/indigo/share/bond/msg'], 'self_test': ['/opt/ros/indigo/share/self_test/msg'], 'shape_tools': ['/opt/ros/indigo/share/shape_tools/msg'], 'rospack': ['/opt/ros/indigo/share/rospack/msg'], 'actionlib_msgs': ['/opt/ros/indigo/share/actionlib_msgs/msg'], 'image_rotate': ['/opt/ros/indigo/share/image_rotate/msg'], 'rqt_image_view': ['/opt/ros/indigo/share/rqt_image_view/msg'], 'rqt_console': ['/opt/ros/indigo/share/rqt_console/msg'], 'joint_state_publisher': ['/opt/ros/indigo/share/joint_state_publisher/msg'], 'rviz_plugin_tutorials': ['/opt/ros/indigo/share/rviz_plugin_tutorials/msg'], 'tf2_msgs': ['/opt/ros/indigo/share/tf2_msgs/msg'], 'python_qt_binding': ['/opt/ros/indigo/share/python_qt_binding/msg'], 'laser_geometry': ['/opt/ros/indigo/share/laser_geometry/msg'], 'rviz': ['/opt/ros/indigo/share/rviz/msg'], 'gencpp': ['/opt/ros/indigo/share/gencpp/msg'], 'rqt_gui_cpp': ['/opt/ros/indigo/share/rqt_gui_cpp/msg'], 'rqt_bag': ['/opt/ros/indigo/share/rqt_bag/msg'], 'rqt_gui': ['/opt/ros/indigo/share/rqt_gui/msg'], 'qt_gui_py_common': ['/opt/ros/indigo/share/qt_gui_py_common/msg'], 'eigen_conversions': ['/opt/ros/indigo/share/eigen_conversions/msg'], 'roscpp_traits': ['/opt/ros/indigo/share/roscpp_traits/msg'], 'driver_base': ['/opt/ros/indigo/share/driver_base/msg'], 'rosout': ['/opt/ros/indigo/share/rosout/msg'], 'diagnostic_common_diagnostics': ['/opt/ros/indigo/share/diagnostic_common_diagnostics/msg'], 'rostopic': ['/opt/ros/indigo/share/rostopic/msg'], 'smach_msgs': ['/opt/ros/indigo/share/smach_msgs/msg'], 'message_generation': ['/opt/ros/indigo/share/message_generation/msg'], 'camera_calibration': ['/opt/ros/indigo/share/camera_calibration/msg'], 'polled_camera': ['/opt/ros/indigo/share/polled_camera/msg'], 'rostime': ['/opt/ros/indigo/share/rostime/msg'], 'rqt_nav_view': ['/opt/ros/indigo/share/rqt_nav_view/msg'], 'kdl_conversions': ['/opt/ros/indigo/share/kdl_conversions/msg'], 'urdf_tutorial': ['/opt/ros/indigo/share/urdf_tutorial/msg'], 'roslint': ['/opt/ros/indigo/share/roslint/msg'], 'rosservice': ['/opt/ros/indigo/share/rosservice/msg'], 'rospy': ['/opt/ros/indigo/share/rospy/msg'], 'rosunit': ['/opt/ros/indigo/share/rosunit/msg'], 'turtle_tf': ['/opt/ros/indigo/share/turtle_tf/msg'], 'roscpp_tutorials': ['/opt/ros/indigo/share/roscpp_tutorials/msg'], 'turtle_actionlib': ['/opt/ros/indigo/share/turtle_actionlib/msg'], 'python_orocos_kdl': ['/opt/ros/indigo/share/python_orocos_kdl/msg'], 'stage': ['/opt/ros/indigo/share/stage/msg'], 'tf2_geometry_msgs': ['/opt/ros/indigo/share/tf2_geometry_msgs/msg'], 'visualization_marker_tutorials': ['/opt/ros/indigo/share/visualization_marker_tutorials/msg'], 'rqt_shell': ['/opt/ros/indigo/share/rqt_shell/msg'], 'bondcpp': ['/opt/ros/indigo/share/bondcpp/msg'], 'rosconsole_bridge': ['/opt/ros/indigo/share/rosconsole_bridge/msg'], 'pluginlib_tutorials': ['/opt/ros/indigo/share/pluginlib_tutorials/msg'], 'camera_info_manager': ['/opt/ros/indigo/share/camera_info_manager/msg'], 'camera_calibration_parsers': ['/opt/ros/indigo/share/camera_calibration_parsers/msg'], 'roslz4': ['/opt/ros/indigo/share/roslz4/msg'], 'rqt_bag_plugins': ['/opt/ros/indigo/share/rqt_bag_plugins/msg'], 'rosmsg': ['/opt/ros/indigo/share/rosmsg/msg'], 'actionlib_tutorials': ['/opt/ros/indigo/share/actionlib_tutorials/msg'], 'turtlesim': ['/opt/ros/indigo/share/turtlesim/msg'], 'rqt_robot_monitor': ['/opt/ros/indigo/share/rqt_robot_monitor/msg'], 'rosparam': ['/opt/ros/indigo/share/rosparam/msg'], 'diagnostic_analysis': ['/opt/ros/indigo/share/diagnostic_analysis/msg'], 'stereo_msgs': ['/opt/ros/indigo/share/stereo_msgs/msg'], 'pcl_msgs': ['/opt/ros/indigo/share/pcl_msgs/msg'], 'trajectory_msgs': ['/opt/ros/indigo/share/trajectory_msgs/msg'], 'diagnostic_updater': ['/opt/ros/indigo/share/diagnostic_updater/msg'], 'laser_assembler': ['/opt/ros/indigo/share/laser_assembler/msg'], 'pcl_conversions': ['/opt/ros/indigo/share/pcl_conversions/msg'], 'rviz_python_tutorial': ['/opt/ros/indigo/share/rviz_python_tutorial/msg'], 'tf2': ['/opt/ros/indigo/share/tf2/msg'], 'rqt_runtime_monitor': ['/opt/ros/indigo/share/rqt_runtime_monitor/msg'], 'rosbash': ['/opt/ros/indigo/share/rosbash/msg'], 'rqt_reconfigure': ['/opt/ros/indigo/share/rqt_reconfigure/msg'], 'rqt_dep': ['/opt/ros/indigo/share/rqt_dep/msg'], 'rqt_plot': ['/opt/ros/indigo/share/rqt_plot/msg'], 'topic_tools': ['/opt/ros/indigo/share/topic_tools/msg'], 'rostest': ['/opt/ros/indigo/share/rostest/msg'], 'control_msgs': ['/opt/ros/indigo/share/control_msgs/msg'], 'tf_conversions': ['/opt/ros/indigo/share/tf_conversions/msg'], 'interactive_marker_tutorials': ['/opt/ros/indigo/share/interactive_marker_tutorials/msg'], 'cpp_common': ['/opt/ros/indigo/share/cpp_common/msg'], 'nodelet': ['/opt/ros/indigo/share/nodelet/msg'], 'stage_ros': ['/opt/ros/indigo/share/stage_ros/msg'], 'rqt_robot_steering': ['/opt/ros/indigo/share/rqt_robot_steering/msg'], 'dynamic_reconfigure': ['/opt/ros/indigo/share/dynamic_reconfigure/msg'], 'genpy': ['/opt/ros/indigo/share/genpy/msg'], 'compressed_image_transport': ['/opt/ros/indigo/share/compressed_image_transport/msg'], 'message_runtime': ['/opt/ros/indigo/share/message_runtime/msg'], 'std_msgs': ['/opt/ros/indigo/share/std_msgs/msg'], 'roscreate': ['/opt/ros/indigo/share/roscreate/msg'], 'image_transport': ['/opt/ros/indigo/share/image_transport/msg'], 'rqt_launch': ['/opt/ros/indigo/share/rqt_launch/msg'], 'angles': ['/opt/ros/indigo/share/angles/msg'], 'cv_bridge': ['/opt/ros/indigo/share/cv_bridge/msg'], 'gazebo_ros': ['/opt/ros/indigo/share/gazebo_ros/msg'], 'rosbag_storage': ['/opt/ros/indigo/share/rosbag_storage/msg'], 'roslang': ['/opt/ros/indigo/share/roslang/msg'], 'std_srvs': ['/opt/ros/indigo/share/std_srvs/msg'], 'collada_urdf': ['/opt/ros/indigo/share/collada_urdf/msg'], 'mk': ['/opt/ros/indigo/share/mk/msg'], 'octomap': ['/opt/ros/indigo/share/octomap/msg'], 'stereo_image_proc': ['/opt/ros/indigo/share/stereo_image_proc/msg'], 'bondpy': ['/opt/ros/indigo/share/bondpy/msg'], 'genlisp': ['/opt/ros/indigo/share/genlisp/msg'], 'class_loader': ['/opt/ros/indigo/share/class_loader/msg'], 'tf2_py': ['/opt/ros/indigo/share/tf2_py/msg'], 'cmake_modules': ['/opt/ros/indigo/share/cmake_modules/msg'], 'pcl_ros': ['/opt/ros/indigo/share/pcl_ros/msg'], 'nav_msgs': ['/opt/ros/indigo/share/nav_msgs/msg'], 'rosmake': ['/opt/ros/indigo/share/rosmake/msg'], 'image_proc': ['/opt/ros/indigo/share/image_proc/msg'], 'roscpp': ['/opt/ros/indigo/share/roscpp/msg'], 'rqt_moveit': ['/opt/ros/indigo/share/rqt_moveit/msg'], 'theora_image_transport': ['/opt/ros/indigo/share/theora_image_transport/msg'], 'rqt_py_common': ['/opt/ros/indigo/share/rqt_py_common/msg'], 'depth_image_proc': ['/opt/ros/indigo/share/depth_image_proc/msg'], 'actionlib': ['/opt/ros/indigo/share/actionlib/msg'], 'laser_filters': ['/opt/ros/indigo/share/laser_filters/msg'], 'qt_gui_cpp': ['/opt/ros/indigo/share/qt_gui_cpp/msg'], 'eigen_stl_containers': ['/opt/ros/indigo/share/eigen_stl_containers/msg'], 'tf2_ros': ['/opt/ros/indigo/share/tf2_ros/msg'], 'librviz_tutorial': ['/opt/ros/indigo/share/librviz_tutorial/msg'], 'image_geometry': ['/opt/ros/indigo/share/image_geometry/msg'], 'roslisp': ['/opt/ros/indigo/share/roslisp/msg'], 'message_filters': ['/opt/ros/indigo/share/message_filters/msg'], 'gazebo_msgs': ['/opt/ros/indigo/share/gazebo_msgs/msg'], 'rospy_tutorials': ['/opt/ros/indigo/share/rospy_tutorials/msg'], 'random_numbers': ['/opt/ros/indigo/share/random_numbers/msg'], 'gazebo_plugins': ['/opt/ros/indigo/share/gazebo_plugins/msg'], 'rqt_srv': ['/opt/ros/indigo/share/rqt_srv/msg'], 'rqt_gui_py': ['/opt/ros/indigo/share/rqt_gui_py/msg'], 'map_msgs': ['/opt/ros/indigo/share/map_msgs/msg'], 'roslaunch': ['/opt/ros/indigo/share/roslaunch/msg'], 'compressed_depth_image_transport': ['/opt/ros/indigo/share/compressed_depth_image_transport/msg'], 'rqt_tf_tree': ['/opt/ros/indigo/share/rqt_tf_tree/msg'], 'collada_parser': ['/opt/ros/indigo/share/collada_parser/msg'], 'rqt_logger_level': ['/opt/ros/indigo/share/rqt_logger_level/msg'], 'kdl_parser': ['/opt/ros/indigo/share/kdl_parser/msg'], 'media_export': ['/opt/ros/indigo/share/media_export/msg'], 'geometry_msgs': ['/opt/ros/indigo/share/geometry_msgs/msg'], 'urdf_parser_plugin': ['/opt/ros/indigo/share/urdf_parser_plugin/msg'], 'sensor_msgs': ['/opt/ros/indigo/share/sensor_msgs/msg'], 'orocos_kdl': ['/opt/ros/indigo/share/orocos_kdl/msg'], 'rosbag': ['/opt/ros/indigo/share/rosbag/msg'], 'rosbag_migration_rule': ['/opt/ros/indigo/share/rosbag_migration_rule/msg']}]

Also when I try
$ rosmsg show Num

It returns nothing and puts me back at the prompt.
Any idea what's going on?  Thanks!

Originally posted by SeaTail on ROS Answers with karma: 26 on 2014-11-15
Post score: 0

A:

Hmm... it looks like the answer is here: http://answers.ros.org/question/88086/rosmsg-show-beginner_tutorialsnum-cant-work/
You simply run:
$ cd ~/catkin_ws/ 

then
$ catkin_make 

then
$ source devel/setup.bash

I have no idea why this works or what was wrong in the first place and what I missed in the tutorial.  Neither does the poster in that link.  But now I can run $ rosmsg show and get the expected output.

Originally posted by SeaTail with karma: 26 on 2014-11-15
This answer was ACCEPTED on the original site
Post score: 1

Original comments
Comment by jarvisschultz on 2014-11-15:
Each of those tutorials assumes you have completed all previous tutorials (as stated at the top of each page). Check out the first one in the list: http://wiki.ros.org/ROS/Tutorials/InstallingandConfiguringROSEnvironment
Comment by SeaTail on 2014-11-15:
Agreed, thank you. And I've been completing all dutifully in order from the first one.  And with all due respect to the folks who created the tutorials, I came away not entirely clear about what it means to "source" some files or why.  And when/why it has to be re-done.  Noob issues, I know.
Comment by jarvisschultz on 2014-11-15:
The setup.bash files are how you control which workspaces and versions of ROS are active in your current terminal. This is controlled through environment variables that are set when you source
Comment by jarvisschultz on 2014-11-15:
the setup.bash files. Stick with it, you'll get it!

